Archive member included because of file (symbol)

c:/program files (x86)/winavr/bin/../lib/gcc/avr/4.3.3/../../../../avr/lib/avr51\libprintf_min.a(vfprintf_min.o)
                              (vfprintf)
c:/program files (x86)/winavr/bin/../lib/gcc/avr/4.3.3/avr51\libgcc.a(_exit.o)
                              c:/program files (x86)/winavr/bin/../lib/gcc/avr/4.3.3/../../../../avr/lib/avr51/crtm128.o (exit)
c:/program files (x86)/winavr/bin/../lib/gcc/avr/4.3.3/avr51\libgcc.a(_clear_bss.o)
                              main.o (__do_clear_bss)
c:/program files (x86)/winavr/bin/../lib/gcc/avr/4.3.3/../../../../avr/lib/avr51\libc.a(strchr_P.o)
                              c:/program files (x86)/winavr/bin/../lib/gcc/avr/4.3.3/../../../../avr/lib/avr51\libprintf_min.a(vfprintf_min.o) (strchr_P)
c:/program files (x86)/winavr/bin/../lib/gcc/avr/4.3.3/../../../../avr/lib/avr51\libc.a(fputc.o)
                              c:/program files (x86)/winavr/bin/../lib/gcc/avr/4.3.3/../../../../avr/lib/avr51\libprintf_min.a(vfprintf_min.o) (fputc)
c:/program files (x86)/winavr/bin/../lib/gcc/avr/4.3.3/../../../../avr/lib/avr51\libc.a(ultoa_invert.o)
                              c:/program files (x86)/winavr/bin/../lib/gcc/avr/4.3.3/../../../../avr/lib/avr51\libprintf_min.a(vfprintf_min.o) (__ultoa_invert)

Memory Configuration

Name             Origin             Length             Attributes
text             0x00000000         0x00020000         xr
data             0x00800060         0x0000ffa0         rw !x
eeprom           0x00810000         0x00010000         rw !x
fuse             0x00820000         0x00000400         rw !x
lock             0x00830000         0x00000400         rw !x
signature        0x00840000         0x00000400         rw !x
*default*        0x00000000         0xffffffff

Linker script and memory map

Address of section .data set to 0x800100
LOAD c:/program files (x86)/winavr/bin/../lib/gcc/avr/4.3.3/../../../../avr/lib/avr51/crtm128.o
LOAD main.o
LOAD bitFunkce.o
LOAD c:/program files (x86)/winavr/bin/../lib/gcc/avr/4.3.3/../../../../avr/lib/avr51\libprintf_min.a
LOAD c:/program files (x86)/winavr/bin/../lib/gcc/avr/4.3.3/../../../../avr/lib/avr51\libm.a
LOAD c:/program files (x86)/winavr/bin/../lib/gcc/avr/4.3.3/avr51\libgcc.a
LOAD c:/program files (x86)/winavr/bin/../lib/gcc/avr/4.3.3/../../../../avr/lib/avr51\libc.a
LOAD c:/program files (x86)/winavr/bin/../lib/gcc/avr/4.3.3/avr51\libgcc.a

.hash
 *(.hash)

.dynsym
 *(.dynsym)

.dynstr
 *(.dynstr)

.gnu.version
 *(.gnu.version)

.gnu.version_d
 *(.gnu.version_d)

.gnu.version_r
 *(.gnu.version_r)

.rel.init
 *(.rel.init)

.rela.init
 *(.rela.init)

.rel.text
 *(.rel.text)
 *(.rel.text.*)
 *(.rel.gnu.linkonce.t*)

.rela.text
 *(.rela.text)
 *(.rela.text.*)
 *(.rela.gnu.linkonce.t*)

.rel.fini
 *(.rel.fini)

.rela.fini
 *(.rela.fini)

.rel.rodata
 *(.rel.rodata)
 *(.rel.rodata.*)
 *(.rel.gnu.linkonce.r*)

.rela.rodata
 *(.rela.rodata)
 *(.rela.rodata.*)
 *(.rela.gnu.linkonce.r*)

.rel.data
 *(.rel.data)
 *(.rel.data.*)
 *(.rel.gnu.linkonce.d*)

.rela.data
 *(.rela.data)
 *(.rela.data.*)
 *(.rela.gnu.linkonce.d*)

.rel.ctors
 *(.rel.ctors)

.rela.ctors
 *(.rela.ctors)

.rel.dtors
 *(.rel.dtors)

.rela.dtors
 *(.rela.dtors)

.rel.got
 *(.rel.got)

.rela.got
 *(.rela.got)

.rel.bss
 *(.rel.bss)

.rela.bss
 *(.rela.bss)

.rel.plt
 *(.rel.plt)

.rela.plt
 *(.rela.plt)

.text           0x00000000      0x77a
 *(.vectors)
 .vectors       0x00000000       0x8c c:/program files (x86)/winavr/bin/../lib/gcc/avr/4.3.3/../../../../avr/lib/avr51/crtm128.o
                0x00000000                __vectors
                0x00000000                __vector_default
 *(.vectors)
 *(.progmem.gcc*)
 *(.progmem*)
 .progmem.data  0x0000008c       0x17 c:/program files (x86)/winavr/bin/../lib/gcc/avr/4.3.3/../../../../avr/lib/avr51\libprintf_min.a(vfprintf_min.o)
                0x000000a4                . = ALIGN (0x2)
 *fill*         0x000000a3        0x1 00
                0x000000a4                __trampolines_start = .
 *(.trampolines)
 .trampolines   0x000000a4        0x0 linker stubs
 *(.trampolines*)
                0x000000a4                __trampolines_end = .
 *(.jumptables)
 *(.jumptables*)
 *(.lowtext)
 *(.lowtext*)
                0x000000a4                __ctors_start = .
 *(.ctors)
                0x000000a4                __ctors_end = .
                0x000000a4                __dtors_start = .
 *(.dtors)
                0x000000a4                __dtors_end = .
 SORT(*)(.ctors)
 SORT(*)(.dtors)
 *(.init0)
 .init0         0x000000a4        0x0 c:/program files (x86)/winavr/bin/../lib/gcc/avr/4.3.3/../../../../avr/lib/avr51/crtm128.o
                0x000000a4                __init
 *(.init0)
 *(.init1)
 *(.init1)
 *(.init2)
 .init2         0x000000a4        0xc c:/program files (x86)/winavr/bin/../lib/gcc/avr/4.3.3/../../../../avr/lib/avr51/crtm128.o
 *(.init2)
 *(.init3)
 *(.init3)
 *(.init4)
 .init4         0x000000b0       0x1a c:/program files (x86)/winavr/bin/../lib/gcc/avr/4.3.3/../../../../avr/lib/avr51/crtm128.o
                0x000000b0                __do_copy_data
 .init4         0x000000ca       0x10 c:/program files (x86)/winavr/bin/../lib/gcc/avr/4.3.3/avr51\libgcc.a(_clear_bss.o)
                0x000000ca                __do_clear_bss
 *(.init4)
 *(.init5)
 *(.init5)
 *(.init6)
 *(.init6)
 *(.init7)
 *(.init7)
 *(.init8)
 *(.init8)
 *(.init9)
 .init9         0x000000da        0x8 c:/program files (x86)/winavr/bin/../lib/gcc/avr/4.3.3/../../../../avr/lib/avr51/crtm128.o
 *(.init9)
 *(.text)
 .text          0x000000e2        0x4 c:/program files (x86)/winavr/bin/../lib/gcc/avr/4.3.3/../../../../avr/lib/avr51/crtm128.o
                0x000000e2                __vector_22
                0x000000e2                __vector_28
                0x000000e2                __vector_1
                0x000000e2                __vector_32
                0x000000e2                __vector_34
                0x000000e2                __vector_24
                0x000000e2                __vector_12
                0x000000e2                __bad_interrupt
                0x000000e2                __vector_6
                0x000000e2                __vector_31
                0x000000e2                __vector_3
                0x000000e2                __vector_23
                0x000000e2                __vector_30
                0x000000e2                __vector_25
                0x000000e2                __vector_11
                0x000000e2                __vector_13
                0x000000e2                __vector_17
                0x000000e2                __vector_19
                0x000000e2                __vector_7
                0x000000e2                __vector_27
                0x000000e2                __vector_5
                0x000000e2                __vector_33
                0x000000e2                __vector_4
                0x000000e2                __vector_9
                0x000000e2                __vector_2
                0x000000e2                __vector_21
                0x000000e2                __vector_15
                0x000000e2                __vector_29
                0x000000e2                __vector_8
                0x000000e2                __vector_26
                0x000000e2                __vector_14
                0x000000e2                __vector_10
                0x000000e2                __vector_16
                0x000000e2                __vector_18
                0x000000e2                __vector_20
 .text          0x000000e6      0x274 main.o
                0x00000104                pocitaniCasu
                0x0000034c                main
                0x000000e6                setup
                0x00000294                vykresleniCisel
                0x00000202                zapsaniDat
                0x00000242                vykresleniSloupce
 .text          0x0000035a       0x72 bitFunkce.o
                0x00000370                clearBit
                0x0000038a                toggleBit
                0x0000035a                setBit
                0x000003b4                bitIsClear
                0x000003a0                bitIsSet
 .text          0x000003cc        0x0 c:/program files (x86)/winavr/bin/../lib/gcc/avr/4.3.3/../../../../avr/lib/avr51\libprintf_min.a(vfprintf_min.o)
 .text          0x000003cc        0x0 c:/program files (x86)/winavr/bin/../lib/gcc/avr/4.3.3/avr51\libgcc.a(_exit.o)
 .text          0x000003cc        0x0 c:/program files (x86)/winavr/bin/../lib/gcc/avr/4.3.3/avr51\libgcc.a(_clear_bss.o)
 .text          0x000003cc        0x0 c:/program files (x86)/winavr/bin/../lib/gcc/avr/4.3.3/../../../../avr/lib/avr51\libc.a(strchr_P.o)
 .text          0x000003cc        0x0 c:/program files (x86)/winavr/bin/../lib/gcc/avr/4.3.3/../../../../avr/lib/avr51\libc.a(fputc.o)
 .text          0x000003cc        0x0 c:/program files (x86)/winavr/bin/../lib/gcc/avr/4.3.3/../../../../avr/lib/avr51\libc.a(ultoa_invert.o)
                0x000003cc                . = ALIGN (0x2)
 *(.text.*)
 .text.avr-libc
                0x000003cc      0x280 c:/program files (x86)/winavr/bin/../lib/gcc/avr/4.3.3/../../../../avr/lib/avr51\libprintf_min.a(vfprintf_min.o)
                0x000003cc                vfprintf
 .text.libgcc   0x0000064c        0x0 c:/program files (x86)/winavr/bin/../lib/gcc/avr/4.3.3/avr51\libgcc.a(_exit.o)
 .text.libgcc   0x0000064c        0x0 c:/program files (x86)/winavr/bin/../lib/gcc/avr/4.3.3/avr51\libgcc.a(_clear_bss.o)
 .text.avr-libc
                0x0000064c       0x16 c:/program files (x86)/winavr/bin/../lib/gcc/avr/4.3.3/../../../../avr/lib/avr51\libc.a(strchr_P.o)
                0x0000064c                strchr_P
 .text.avr-libc
                0x00000662       0x58 c:/program files (x86)/winavr/bin/../lib/gcc/avr/4.3.3/../../../../avr/lib/avr51\libc.a(fputc.o)
                0x00000662                fputc
 .text.avr-libc
                0x000006ba       0xbc c:/program files (x86)/winavr/bin/../lib/gcc/avr/4.3.3/../../../../avr/lib/avr51\libc.a(ultoa_invert.o)
                0x000006ba                __ultoa_invert
                0x00000776                . = ALIGN (0x2)
 *(.fini9)
 .fini9         0x00000776        0x0 c:/program files (x86)/winavr/bin/../lib/gcc/avr/4.3.3/avr51\libgcc.a(_exit.o)
                0x00000776                exit
                0x00000776                _exit
 *(.fini9)
 *(.fini8)
 *(.fini8)
 *(.fini7)
 *(.fini7)
 *(.fini6)
 *(.fini6)
 *(.fini5)
 *(.fini5)
 *(.fini4)
 *(.fini4)
 *(.fini3)
 *(.fini3)
 *(.fini2)
 *(.fini2)
 *(.fini1)
 *(.fini1)
 *(.fini0)
 .fini0         0x00000776        0x4 c:/program files (x86)/winavr/bin/../lib/gcc/avr/4.3.3/avr51\libgcc.a(_exit.o)
 *(.fini0)
                0x0000077a                _etext = .

.data           0x00800100       0xa8 load address 0x0000077a
                0x00800100                PROVIDE (__data_start, .)
 *(.data)
 .data          0x00800100        0x0 c:/program files (x86)/winavr/bin/../lib/gcc/avr/4.3.3/../../../../avr/lib/avr51/crtm128.o
 .data          0x00800100       0xa8 main.o
                0x008001a6                cisloRegistr5
                0x008001a4                cisloRegistr3
                0x008001a2                cisloRegistr2
                0x008001a0                cisloRegistr1
                0x00800100                cisla
 .data          0x008001a8        0x0 bitFunkce.o
 .data          0x008001a8        0x0 c:/program files (x86)/winavr/bin/../lib/gcc/avr/4.3.3/../../../../avr/lib/avr51\libprintf_min.a(vfprintf_min.o)
 .data          0x008001a8        0x0 c:/program files (x86)/winavr/bin/../lib/gcc/avr/4.3.3/avr51\libgcc.a(_exit.o)
 .data          0x008001a8        0x0 c:/program files (x86)/winavr/bin/../lib/gcc/avr/4.3.3/avr51\libgcc.a(_clear_bss.o)
 .data          0x008001a8        0x0 c:/program files (x86)/winavr/bin/../lib/gcc/avr/4.3.3/../../../../avr/lib/avr51\libc.a(strchr_P.o)
 .data          0x008001a8        0x0 c:/program files (x86)/winavr/bin/../lib/gcc/avr/4.3.3/../../../../avr/lib/avr51\libc.a(fputc.o)
 .data          0x008001a8        0x0 c:/program files (x86)/winavr/bin/../lib/gcc/avr/4.3.3/../../../../avr/lib/avr51\libc.a(ultoa_invert.o)
 *(.data*)
 *(.rodata)
 *(.rodata*)
 *(.gnu.linkonce.d*)
                0x008001a8                . = ALIGN (0x2)
                0x008001a8                _edata = .
                0x008001a8                PROVIDE (__data_end, .)

.bss            0x008001a8        0x4
                0x008001a8                PROVIDE (__bss_start, .)
 *(.bss)
 .bss           0x008001a8        0x0 c:/program files (x86)/winavr/bin/../lib/gcc/avr/4.3.3/../../../../avr/lib/avr51/crtm128.o
 .bss           0x008001a8        0x4 main.o
                0x008001a8                cisloRegistr4
                0x008001aa                cisloRegistr6
 .bss           0x008001ac        0x0 bitFunkce.o
 .bss           0x008001ac        0x0 c:/program files (x86)/winavr/bin/../lib/gcc/avr/4.3.3/../../../../avr/lib/avr51\libprintf_min.a(vfprintf_min.o)
 .bss           0x008001ac        0x0 c:/program files (x86)/winavr/bin/../lib/gcc/avr/4.3.3/avr51\libgcc.a(_exit.o)
 .bss           0x008001ac        0x0 c:/program files (x86)/winavr/bin/../lib/gcc/avr/4.3.3/avr51\libgcc.a(_clear_bss.o)
 .bss           0x008001ac        0x0 c:/program files (x86)/winavr/bin/../lib/gcc/avr/4.3.3/../../../../avr/lib/avr51\libc.a(strchr_P.o)
 .bss           0x008001ac        0x0 c:/program files (x86)/winavr/bin/../lib/gcc/avr/4.3.3/../../../../avr/lib/avr51\libc.a(fputc.o)
 .bss           0x008001ac        0x0 c:/program files (x86)/winavr/bin/../lib/gcc/avr/4.3.3/../../../../avr/lib/avr51\libc.a(ultoa_invert.o)
 *(.bss*)
 *(COMMON)
                0x008001ac                PROVIDE (__bss_end, .)
                0x0000077a                __data_load_start = LOADADDR (.data)
                0x00000822                __data_load_end = (__data_load_start + SIZEOF (.data))

.noinit         0x008001ac        0x0
                0x008001ac                PROVIDE (__noinit_start, .)
 *(.noinit*)
                0x008001ac                PROVIDE (__noinit_end, .)
                0x008001ac                _end = .
                0x008001ac                PROVIDE (__heap_start, .)

.eeprom         0x00810000        0x0
 *(.eeprom*)
                0x00810000                __eeprom_end = .

.fuse
 *(.fuse)
 *(.lfuse)
 *(.hfuse)
 *(.efuse)

.lock
 *(.lock*)

.signature
 *(.signature*)

.stab
 *(.stab)

.stabstr
 *(.stabstr)

.stab.excl
 *(.stab.excl)

.stab.exclstr
 *(.stab.exclstr)

.stab.index
 *(.stab.index)

.stab.indexstr
 *(.stab.indexstr)

.comment
 *(.comment)

.debug
 *(.debug)

.line
 *(.line)

.debug_srcinfo
 *(.debug_srcinfo)

.debug_sfnames
 *(.debug_sfnames)

.debug_aranges  0x00000000       0x40
 *(.debug_aranges)
 .debug_aranges
                0x00000000       0x20 main.o
 .debug_aranges
                0x00000020       0x20 bitFunkce.o

.debug_pubnames
                0x00000000      0x139
 *(.debug_pubnames)
 .debug_pubnames
                0x00000000       0xe5 main.o
 .debug_pubnames
                0x000000e5       0x54 bitFunkce.o

.debug_info     0x00000000      0x541
 *(.debug_info)
 .debug_info    0x00000000      0x3cd main.o
 .debug_info    0x000003cd      0x174 bitFunkce.o
 *(.gnu.linkonce.wi.*)

.debug_abbrev   0x00000000      0x216
 *(.debug_abbrev)
 .debug_abbrev  0x00000000      0x166 main.o
 .debug_abbrev  0x00000166       0xb0 bitFunkce.o

.debug_line     0x00000000      0x3ed
 *(.debug_line)
 .debug_line    0x00000000      0x328 main.o
 .debug_line    0x00000328       0xc5 bitFunkce.o

.debug_frame    0x00000000       0xd0
 *(.debug_frame)
 .debug_frame   0x00000000       0x70 main.o
 .debug_frame   0x00000070       0x60 bitFunkce.o

.debug_str      0x00000000      0x1c8
 *(.debug_str)
 .debug_str     0x00000000      0x182 main.o
                                0x1bb (size before relaxing)
 .debug_str     0x00000182       0x46 bitFunkce.o
                                 0x71 (size before relaxing)

.debug_loc      0x00000000      0x166
 *(.debug_loc)
 .debug_loc     0x00000000       0xee main.o
 .debug_loc     0x000000ee       0x78 bitFunkce.o

.debug_macinfo
 *(.debug_macinfo)
OUTPUT(main.elf elf32-avr)
LOAD linker stubs

.debug_ranges   0x00000000       0x48
 .debug_ranges  0x00000000       0x48 main.o

Cross Reference Table

Symbol                                            File
__bad_interrupt                                   c:/program files (x86)/winavr/bin/../lib/gcc/avr/4.3.3/../../../../avr/lib/avr51/crtm128.o
__bss_end                                         c:/program files (x86)/winavr/bin/../lib/gcc/avr/4.3.3/avr51\libgcc.a(_clear_bss.o)
__bss_start                                       c:/program files (x86)/winavr/bin/../lib/gcc/avr/4.3.3/avr51\libgcc.a(_clear_bss.o)
__data_end                                        c:/program files (x86)/winavr/bin/../lib/gcc/avr/4.3.3/../../../../avr/lib/avr51/crtm128.o
__data_load_start                                 c:/program files (x86)/winavr/bin/../lib/gcc/avr/4.3.3/../../../../avr/lib/avr51/crtm128.o
__data_start                                      c:/program files (x86)/winavr/bin/../lib/gcc/avr/4.3.3/../../../../avr/lib/avr51/crtm128.o
__do_clear_bss                                    c:/program files (x86)/winavr/bin/../lib/gcc/avr/4.3.3/avr51\libgcc.a(_clear_bss.o)
                                                  main.o
__do_copy_data                                    c:/program files (x86)/winavr/bin/../lib/gcc/avr/4.3.3/../../../../avr/lib/avr51/crtm128.o
                                                  main.o
__heap_end                                        c:/program files (x86)/winavr/bin/../lib/gcc/avr/4.3.3/../../../../avr/lib/avr51/crtm128.o
__init                                            c:/program files (x86)/winavr/bin/../lib/gcc/avr/4.3.3/../../../../avr/lib/avr51/crtm128.o
__stack                                           c:/program files (x86)/winavr/bin/../lib/gcc/avr/4.3.3/../../../../avr/lib/avr51/crtm128.o
__ultoa_invert                                    c:/program files (x86)/winavr/bin/../lib/gcc/avr/4.3.3/../../../../avr/lib/avr51\libc.a(ultoa_invert.o)
                                                  c:/program files (x86)/winavr/bin/../lib/gcc/avr/4.3.3/../../../../avr/lib/avr51\libprintf_min.a(vfprintf_min.o)
__vector_1                                        c:/program files (x86)/winavr/bin/../lib/gcc/avr/4.3.3/../../../../avr/lib/avr51/crtm128.o
__vector_10                                       c:/program files (x86)/winavr/bin/../lib/gcc/avr/4.3.3/../../../../avr/lib/avr51/crtm128.o
__vector_11                                       c:/program files (x86)/winavr/bin/../lib/gcc/avr/4.3.3/../../../../avr/lib/avr51/crtm128.o
__vector_12                                       c:/program files (x86)/winavr/bin/../lib/gcc/avr/4.3.3/../../../../avr/lib/avr51/crtm128.o
__vector_13                                       c:/program files (x86)/winavr/bin/../lib/gcc/avr/4.3.3/../../../../avr/lib/avr51/crtm128.o
__vector_14                                       c:/program files (x86)/winavr/bin/../lib/gcc/avr/4.3.3/../../../../avr/lib/avr51/crtm128.o
__vector_15                                       c:/program files (x86)/winavr/bin/../lib/gcc/avr/4.3.3/../../../../avr/lib/avr51/crtm128.o
__vector_16                                       c:/program files (x86)/winavr/bin/../lib/gcc/avr/4.3.3/../../../../avr/lib/avr51/crtm128.o
__vector_17                                       c:/program files (x86)/winavr/bin/../lib/gcc/avr/4.3.3/../../../../avr/lib/avr51/crtm128.o
__vector_18                                       c:/program files (x86)/winavr/bin/../lib/gcc/avr/4.3.3/../../../../avr/lib/avr51/crtm128.o
__vector_19                                       c:/program files (x86)/winavr/bin/../lib/gcc/avr/4.3.3/../../../../avr/lib/avr51/crtm128.o
__vector_2                                        c:/program files (x86)/winavr/bin/../lib/gcc/avr/4.3.3/../../../../avr/lib/avr51/crtm128.o
__vector_20                                       c:/program files (x86)/winavr/bin/../lib/gcc/avr/4.3.3/../../../../avr/lib/avr51/crtm128.o
__vector_21                                       c:/program files (x86)/winavr/bin/../lib/gcc/avr/4.3.3/../../../../avr/lib/avr51/crtm128.o
__vector_22                                       c:/program files (x86)/winavr/bin/../lib/gcc/avr/4.3.3/../../../../avr/lib/avr51/crtm128.o
__vector_23                                       c:/program files (x86)/winavr/bin/../lib/gcc/avr/4.3.3/../../../../avr/lib/avr51/crtm128.o
__vector_24                                       c:/program files (x86)/winavr/bin/../lib/gcc/avr/4.3.3/../../../../avr/lib/avr51/crtm128.o
__vector_25                                       c:/program files (x86)/winavr/bin/../lib/gcc/avr/4.3.3/../../../../avr/lib/avr51/crtm128.o
__vector_26                                       c:/program files (x86)/winavr/bin/../lib/gcc/avr/4.3.3/../../../../avr/lib/avr51/crtm128.o
__vector_27                                       c:/program files (x86)/winavr/bin/../lib/gcc/avr/4.3.3/../../../../avr/lib/avr51/crtm128.o
__vector_28                                       c:/program files (x86)/winavr/bin/../lib/gcc/avr/4.3.3/../../../../avr/lib/avr51/crtm128.o
__vector_29                                       c:/program files (x86)/winavr/bin/../lib/gcc/avr/4.3.3/../../../../avr/lib/avr51/crtm128.o
__vector_3                                        c:/program files (x86)/winavr/bin/../lib/gcc/avr/4.3.3/../../../../avr/lib/avr51/crtm128.o
__vector_30                                       c:/program files (x86)/winavr/bin/../lib/gcc/avr/4.3.3/../../../../avr/lib/avr51/crtm128.o
__vector_31                                       c:/program files (x86)/winavr/bin/../lib/gcc/avr/4.3.3/../../../../avr/lib/avr51/crtm128.o
__vector_32                                       c:/program files (x86)/winavr/bin/../lib/gcc/avr/4.3.3/../../../../avr/lib/avr51/crtm128.o
__vector_33                                       c:/program files (x86)/winavr/bin/../lib/gcc/avr/4.3.3/../../../../avr/lib/avr51/crtm128.o
__vector_34                                       c:/program files (x86)/winavr/bin/../lib/gcc/avr/4.3.3/../../../../avr/lib/avr51/crtm128.o
__vector_4                                        c:/program files (x86)/winavr/bin/../lib/gcc/avr/4.3.3/../../../../avr/lib/avr51/crtm128.o
__vector_5                                        c:/program files (x86)/winavr/bin/../lib/gcc/avr/4.3.3/../../../../avr/lib/avr51/crtm128.o
__vector_6                                        c:/program files (x86)/winavr/bin/../lib/gcc/avr/4.3.3/../../../../avr/lib/avr51/crtm128.o
__vector_7                                        c:/program files (x86)/winavr/bin/../lib/gcc/avr/4.3.3/../../../../avr/lib/avr51/crtm128.o
__vector_8                                        c:/program files (x86)/winavr/bin/../lib/gcc/avr/4.3.3/../../../../avr/lib/avr51/crtm128.o
__vector_9                                        c:/program files (x86)/winavr/bin/../lib/gcc/avr/4.3.3/../../../../avr/lib/avr51/crtm128.o
__vector_default                                  c:/program files (x86)/winavr/bin/../lib/gcc/avr/4.3.3/../../../../avr/lib/avr51/crtm128.o
__vectors                                         c:/program files (x86)/winavr/bin/../lib/gcc/avr/4.3.3/../../../../avr/lib/avr51/crtm128.o
_exit                                             c:/program files (x86)/winavr/bin/../lib/gcc/avr/4.3.3/avr51\libgcc.a(_exit.o)
bitIsClear                                        bitFunkce.o
bitIsSet                                          bitFunkce.o
cisla                                             main.o
cisloRegistr1                                     main.o
cisloRegistr2                                     main.o
cisloRegistr3                                     main.o
cisloRegistr4                                     main.o
cisloRegistr5                                     main.o
cisloRegistr6                                     main.o
clearBit                                          bitFunkce.o
                                                  main.o
exit                                              c:/program files (x86)/winavr/bin/../lib/gcc/avr/4.3.3/avr51\libgcc.a(_exit.o)
                                                  c:/program files (x86)/winavr/bin/../lib/gcc/avr/4.3.3/../../../../avr/lib/avr51/crtm128.o
fputc                                             c:/program files (x86)/winavr/bin/../lib/gcc/avr/4.3.3/../../../../avr/lib/avr51\libc.a(fputc.o)
                                                  c:/program files (x86)/winavr/bin/../lib/gcc/avr/4.3.3/../../../../avr/lib/avr51\libprintf_min.a(vfprintf_min.o)
main                                              main.o
                                                  c:/program files (x86)/winavr/bin/../lib/gcc/avr/4.3.3/../../../../avr/lib/avr51/crtm128.o
pocitaniCasu                                      main.o
setBit                                            bitFunkce.o
                                                  main.o
setup                                             main.o
strchr_P                                          c:/program files (x86)/winavr/bin/../lib/gcc/avr/4.3.3/../../../../avr/lib/avr51\libc.a(strchr_P.o)
                                                  c:/program files (x86)/winavr/bin/../lib/gcc/avr/4.3.3/../../../../avr/lib/avr51\libprintf_min.a(vfprintf_min.o)
toggleBit                                         bitFunkce.o
vfprintf                                          c:/program files (x86)/winavr/bin/../lib/gcc/avr/4.3.3/../../../../avr/lib/avr51\libprintf_min.a(vfprintf_min.o)
vykresleniCisel                                   main.o
vykresleniSloupce                                 main.o
zapsaniDat                                        main.o
